{
 "fresh_info": "임시저장 없음",
 "fresh_load_disabled": true,
 "autosave_info": "자동 저장됨 · 2026. 10. 3. 오후 7:06:38",
 "after_reload_msg": "이전 임시저장(2026. 10. 3. 오후 7:06:38)이 있습니다. 왼쪽 아래 \"임시저장 불러오기\"로 이어서 작업할 수 있습니다.",
 "after_reload_empty": true,
 "after_reload_info_after_3s": "임시저장 있음 · 2026. 10. 3. 오후 7:06:38",
 "load_msg": "임시저장을 불러왔습니다. (2026. 10. 3. 오후 7:06:38)",
 "restored_equal": true,
 "before": {
  "top": {
   "fit": "contain",
   "rotationDeg": 0,
   "flipX": false,
   "flipY": false,
   "scale": 1,
   "offsetX": 0,
   "offsetY": 0
  },
  "left": {
   "fit": "cover",
   "rotationDeg": 180,
   "flipX": true,
   "flipY": false,
   "scale": 1.3,
   "offsetX": 0.15,
   "offsetY": 0
  },
  "names": [
   "sample_lid_top.png",
   null,
   null,
   "sample_lid_left.png",
   null,
   null,
   null,
   null,
   null,
   null
  ],
  "base": "#2c3e50",
  "lift": 80
 },
 "after": {
  "top": {
   "fit": "contain",
   "rotationDeg": 0,
   "flipX": false,
   "flipY": false,
   "scale": 1,
   "offsetX": 0,
   "offsetY": 0
  },
  "left": {
   "fit": "cover",
   "rotationDeg": 180,
   "flipX": true,
   "flipY": false,
   "scale": 1.3,
   "offsetX": 0.15,
   "offsetY": 0
  },
  "names": [
   "sample_lid_top.png",
   null,
   null,
   "sample_lid_left.png",
   null,
   null,
   null,
   null,
   null,
   null
  ],
  "base": "#2c3e50",
  "lift": 80
 },
 "manual_msg": "임시저장했습니다. (이 브라우저 안에 보관됩니다)",
 "second_tab_info": "임시저장 있음 · 2026. 10. 3. 오후 7:06:46",
 "errors": []
}
